{
  "version": "1.5.0",
  "plugins_used": [
    {
      "name": "ArtifactoryDetector"
    },
    {
      "name": "AWSKeyDetector"
    },
    {
      "name": "AzureStorageKeyDetector"
    },
    {
      "name": "Base64HighEntropyString",
      "limit": 4.5
    },
    {
      "name": "BasicAuthDetector"
    },
    {
      "name": "CloudantDetector"
    },
    {
      "name": "DiscordBotTokenDetector"
    },
    {
      "name": "GitHubTokenDetector"
    },
    {
      "name": "GitLabTokenDetector"
    },
    {
      "name": "HexHighEntropyString",
      "limit": 3.0
    },
    {
      "name": "IbmCloudIamDetector"
    },
    {
      "name": "IbmCosHmacDetector"
    },
    {
      "name": "IPPublicDetector"
    },
    {
      "name": "JwtTokenDetector"
    },
    {
      "name": "MailchimpDetector"
    },
    {
      "name": "NpmDetector"
    },
    {
      "name": "OpenAIDetector"
    },
    {
      "name": "PrivateKeyDetector"
    },
    {
      "name": "PypiTokenDetector"
    },
    {
      "name": "SendGridDetector"
    },
    {
      "name": "SlackDetector"
    },
    {
      "name": "SoftlayerDetector"
    },
    {
      "name": "SquareOAuthDetector"
    },
    {
      "name": "StripeDetector"
    },
    {
      "name": "TelegramBotTokenDetector"
    },
    {
      "name": "TwilioKeyDetector"
    }
  ],
  "filters_used": [
    {
      "path": "detect_secrets.filters.allowlist.is_line_allowlisted"
    },
    {
      "path": "detect_secrets.filters.common.is_ignored_due_to_verification_policies",
      "min_level": 2
    },
    {
      "path": "detect_secrets.filters.heuristic.is_indirect_reference"
    },
    {
      "path": "detect_secrets.filters.heuristic.is_likely_id_string"
    },
    {
      "path": "detect_secrets.filters.heuristic.is_lock_file"
    },
    {
      "path": "detect_secrets.filters.heuristic.is_not_alphanumeric_string"
    },
    {
      "path": "detect_secrets.filters.heuristic.is_potential_uuid"
    },
    {
      "path": "detect_secrets.filters.heuristic.is_prefixed_with_dollar_sign"
    },
    {
      "path": "detect_secrets.filters.heuristic.is_sequential_string"
    },
    {
      "path": "detect_secrets.filters.heuristic.is_swagger_file"
    },
    {
      "path": "detect_secrets.filters.heuristic.is_templated_secret"
    },
    {
      "path": "detect_secrets.filters.regex.should_exclude_file",
      "pattern": [
        "pyproject\\.toml|\\.github/workflows/config/\\.secrets\\.baseline|\\.oms\\.sig$"
      ]
    }
  ],
  "results": {
    "benchmarks/terminal_bench_4/manifest.json": [
      {
        "type": "Hex High Entropy String",
        "filename": "benchmarks/terminal_bench_4/manifest.json",
        "hashed_secret": "841e21c989b9a62a4c8b03826dea1278c5c2f808",
        "is_verified": false,
        "line_number": 4,
        "is_secret": false
      }
    ],
    "environments/abstention/data/example.jsonl": [
      {
        "type": "Hex High Entropy String",
        "filename": "environments/abstention/data/example.jsonl",
        "hashed_secret": "518c779a655232392f88b9f51cac336e8727fedf",
        "is_verified": false,
        "line_number": 3
      }
    ],
    "fern/assets/trajectory-capabilities/425964eadebb395fea46f594177e2373b4195530934ed44be4ead0d755892c90.json": [
      {
        "type": "Hex High Entropy String",
        "filename": "fern/assets/trajectory-capabilities/425964eadebb395fea46f594177e2373b4195530934ed44be4ead0d755892c90.json",
        "hashed_secret": "7621e1af379fafbde450d3bb1a96566f24a0f496",
        "is_verified": false,
        "line_number": 2,
        "is_secret": false
      },
      {
        "type": "Hex High Entropy String",
        "filename": "fern/assets/trajectory-capabilities/425964eadebb395fea46f594177e2373b4195530934ed44be4ead0d755892c90.json",
        "hashed_secret": "2cb635bfe54c88c1ee08088477656e79bd293831",
        "is_verified": false,
        "line_number": 99,
        "is_secret": false
      },
      {
        "type": "Hex High Entropy String",
        "filename": "fern/assets/trajectory-capabilities/425964eadebb395fea46f594177e2373b4195530934ed44be4ead0d755892c90.json",
        "hashed_secret": "943a7ea8d8acda62d62681e2b9b8efabe26e3d21",
        "is_verified": false,
        "line_number": 100,
        "is_secret": false
      },
      {
        "type": "Hex High Entropy String",
        "filename": "fern/assets/trajectory-capabilities/425964eadebb395fea46f594177e2373b4195530934ed44be4ead0d755892c90.json",
        "hashed_secret": "5c8cf377b59a3ca3c11d965eb944e3eb28f8206f",
        "is_verified": false,
        "line_number": 101,
        "is_secret": false
      },
      {
        "type": "Hex High Entropy String",
        "filename": "fern/assets/trajectory-capabilities/425964eadebb395fea46f594177e2373b4195530934ed44be4ead0d755892c90.json",
        "hashed_secret": "ca3f05a88f5d5692e44dc457c5e6b1c707891381",
        "is_verified": false,
        "line_number": 102,
        "is_secret": false
      },
      {
        "type": "Hex High Entropy String",
        "filename": "fern/assets/trajectory-capabilities/425964eadebb395fea46f594177e2373b4195530934ed44be4ead0d755892c90.json",
        "hashed_secret": "78382f7416d51d882c66c0c0612f4457038bb879",
        "is_verified": false,
        "line_number": 155,
        "is_secret": false
      },
      {
        "type": "Hex High Entropy String",
        "filename": "fern/assets/trajectory-capabilities/425964eadebb395fea46f594177e2373b4195530934ed44be4ead0d755892c90.json",
        "hashed_secret": "5da1f090449950b362266efa0119f0b151ac289f",
        "is_verified": false,
        "line_number": 156,
        "is_secret": false
      },
      {
        "type": "Hex High Entropy String",
        "filename": "fern/assets/trajectory-capabilities/425964eadebb395fea46f594177e2373b4195530934ed44be4ead0d755892c90.json",
        "hashed_secret": "85dc66a2ccdb8783338eb3dcc9dd566d508e7ae0",
        "is_verified": false,
        "line_number": 158,
        "is_secret": false
      },
      {
        "type": "Hex High Entropy String",
        "filename": "fern/assets/trajectory-capabilities/425964eadebb395fea46f594177e2373b4195530934ed44be4ead0d755892c90.json",
        "hashed_secret": "a1864c7d0cf2dad886af0d5db3dbe3aac1425cf4",
        "is_verified": false,
        "line_number": 211,
        "is_secret": false
      },
      {
        "type": "Hex High Entropy String",
        "filename": "fern/assets/trajectory-capabilities/425964eadebb395fea46f594177e2373b4195530934ed44be4ead0d755892c90.json",
        "hashed_secret": "5520c86d600cf13b331da90afef266e1debc880c",
        "is_verified": false,
        "line_number": 212,
        "is_secret": false
      },
      {
        "type": "Hex High Entropy String",
        "filename": "fern/assets/trajectory-capabilities/425964eadebb395fea46f594177e2373b4195530934ed44be4ead0d755892c90.json",
        "hashed_secret": "9dfab02267e38f830289c399dbe833043ced29c2",
        "is_verified": false,
        "line_number": 214,
        "is_secret": false
      },
      {
        "type": "Hex High Entropy String",
        "filename": "fern/assets/trajectory-capabilities/425964eadebb395fea46f594177e2373b4195530934ed44be4ead0d755892c90.json",
        "hashed_secret": "50e4e198a3f44f663ca6ba689696fd47519ba8de",
        "is_verified": false,
        "line_number": 267,
        "is_secret": false
      },
      {
        "type": "Hex High Entropy String",
        "filename": "fern/assets/trajectory-capabilities/425964eadebb395fea46f594177e2373b4195530934ed44be4ead0d755892c90.json",
        "hashed_secret": "11ffa535f1e23805bd8595f555b548d7db57c112",
        "is_verified": false,
        "line_number": 268,
        "is_secret": false
      },
      {
        "type": "Hex High Entropy String",
        "filename": "fern/assets/trajectory-capabilities/425964eadebb395fea46f594177e2373b4195530934ed44be4ead0d755892c90.json",
        "hashed_secret": "97d841cf8e281b5c92065e2192382662142e6c3e",
        "is_verified": false,
        "line_number": 270,
        "is_secret": false
      },
      {
        "type": "Hex High Entropy String",
        "filename": "fern/assets/trajectory-capabilities/425964eadebb395fea46f594177e2373b4195530934ed44be4ead0d755892c90.json",
        "hashed_secret": "3157fb6314aa2c3000dbb9fb1079b57489514ea3",
        "is_verified": false,
        "line_number": 329,
        "is_secret": false
      },
      {
        "type": "Hex High Entropy String",
        "filename": "fern/assets/trajectory-capabilities/425964eadebb395fea46f594177e2373b4195530934ed44be4ead0d755892c90.json",
        "hashed_secret": "e98df9fa20774977f79d443ca19c4459a391cd88",
        "is_verified": false,
        "line_number": 330,
        "is_secret": false
      },
      {
        "type": "Hex High Entropy String",
        "filename": "fern/assets/trajectory-capabilities/425964eadebb395fea46f594177e2373b4195530934ed44be4ead0d755892c90.json",
        "hashed_secret": "47567f129a519dafeeae6f75589934885614687b",
        "is_verified": false,
        "line_number": 332,
        "is_secret": false
      },
      {
        "type": "Hex High Entropy String",
        "filename": "fern/assets/trajectory-capabilities/425964eadebb395fea46f594177e2373b4195530934ed44be4ead0d755892c90.json",
        "hashed_secret": "ad77cad4c11176c72bef00837a6f51d5be8c6ebc",
        "is_verified": false,
        "line_number": 373,
        "is_secret": false
      },
      {
        "type": "Hex High Entropy String",
        "filename": "fern/assets/trajectory-capabilities/425964eadebb395fea46f594177e2373b4195530934ed44be4ead0d755892c90.json",
        "hashed_secret": "4fe50065fc938329fdbe2250e96f8492e9902472",
        "is_verified": false,
        "line_number": 374,
        "is_secret": false
      },
      {
        "type": "Hex High Entropy String",
        "filename": "fern/assets/trajectory-capabilities/425964eadebb395fea46f594177e2373b4195530934ed44be4ead0d755892c90.json",
        "hashed_secret": "5080c91c7fae3e64854ae42ec765b8519ff56fc0",
        "is_verified": false,
        "line_number": 376,
        "is_secret": false
      },
      {
        "type": "Hex High Entropy String",
        "filename": "fern/assets/trajectory-capabilities/425964eadebb395fea46f594177e2373b4195530934ed44be4ead0d755892c90.json",
        "hashed_secret": "b56f3f107107f601f7d05d15864c9ca60bd5ba13",
        "is_verified": false,
        "line_number": 429,
        "is_secret": false
      },
      {
        "type": "Hex High Entropy String",
        "filename": "fern/assets/trajectory-capabilities/425964eadebb395fea46f594177e2373b4195530934ed44be4ead0d755892c90.json",
        "hashed_secret": "fa789e35dfbf0640045a3fb376bbf624b71d3582",
        "is_verified": false,
        "line_number": 430,
        "is_secret": false
      },
      {
        "type": "Hex High Entropy String",
        "filename": "fern/assets/trajectory-capabilities/425964eadebb395fea46f594177e2373b4195530934ed44be4ead0d755892c90.json",
        "hashed_secret": "fbccc37f0fe5101aaa9e488b5073bb1c902be946",
        "is_verified": false,
        "line_number": 432,
        "is_secret": false
      },
      {
        "type": "Hex High Entropy String",
        "filename": "fern/assets/trajectory-capabilities/425964eadebb395fea46f594177e2373b4195530934ed44be4ead0d755892c90.json",
        "hashed_secret": "44dbf1fa7110e041d1f284a651fb1a6b4d83f094",
        "is_verified": false,
        "line_number": 537,
        "is_secret": false
      },
      {
        "type": "Hex High Entropy String",
        "filename": "fern/assets/trajectory-capabilities/425964eadebb395fea46f594177e2373b4195530934ed44be4ead0d755892c90.json",
        "hashed_secret": "3827210a10ca5d0ed8a59831e0ab61318a7f1bc7",
        "is_verified": false,
        "line_number": 538,
        "is_secret": false
      },
      {
        "type": "Hex High Entropy String",
        "filename": "fern/assets/trajectory-capabilities/425964eadebb395fea46f594177e2373b4195530934ed44be4ead0d755892c90.json",
        "hashed_secret": "ee21052ee464c820045d6e49383cef44ec194d97",
        "is_verified": false,
        "line_number": 539,
        "is_secret": false
      },
      {
        "type": "Hex High Entropy String",
        "filename": "fern/assets/trajectory-capabilities/425964eadebb395fea46f594177e2373b4195530934ed44be4ead0d755892c90.json",
        "hashed_secret": "83402992afcbd2f25fb96bb0c4918168c5a1979e",
        "is_verified": false,
        "line_number": 540,
        "is_secret": false
      },
      {
        "type": "Hex High Entropy String",
        "filename": "fern/assets/trajectory-capabilities/425964eadebb395fea46f594177e2373b4195530934ed44be4ead0d755892c90.json",
        "hashed_secret": "f37a01e095f14527a5f2e3431719901662b8be7b",
        "is_verified": false,
        "line_number": 593,
        "is_secret": false
      },
      {
        "type": "Hex High Entropy String",
        "filename": "fern/assets/trajectory-capabilities/425964eadebb395fea46f594177e2373b4195530934ed44be4ead0d755892c90.json",
        "hashed_secret": "06e5729cb0e63e7232654c344b67174268fa73d6",
        "is_verified": false,
        "line_number": 594,
        "is_secret": false
      },
      {
        "type": "Hex High Entropy String",
        "filename": "fern/assets/trajectory-capabilities/425964eadebb395fea46f594177e2373b4195530934ed44be4ead0d755892c90.json",
        "hashed_secret": "17ecbdceee35057e6c8f82099285c06619b06361",
        "is_verified": false,
        "line_number": 596,
        "is_secret": false
      },
      {
        "type": "Hex High Entropy String",
        "filename": "fern/assets/trajectory-capabilities/425964eadebb395fea46f594177e2373b4195530934ed44be4ead0d755892c90.json",
        "hashed_secret": "fbce04328093487cd2c210de19d28b9eefd38eb1",
        "is_verified": false,
        "line_number": 649,
        "is_secret": false
      },
      {
        "type": "Hex High Entropy String",
        "filename": "fern/assets/trajectory-capabilities/425964eadebb395fea46f594177e2373b4195530934ed44be4ead0d755892c90.json",
        "hashed_secret": "922222140d82d8ebd244bdc33fbf5adf43657c99",
        "is_verified": false,
        "line_number": 650,
        "is_secret": false
      },
      {
        "type": "Hex High Entropy String",
        "filename": "fern/assets/trajectory-capabilities/425964eadebb395fea46f594177e2373b4195530934ed44be4ead0d755892c90.json",
        "hashed_secret": "bfc485bf4825d0ff7ab94afa81433b24b3dafac4",
        "is_verified": false,
        "line_number": 652,
        "is_secret": false
      },
      {
        "type": "Hex High Entropy String",
        "filename": "fern/assets/trajectory-capabilities/425964eadebb395fea46f594177e2373b4195530934ed44be4ead0d755892c90.json",
        "hashed_secret": "e0b85704190ddc2a65be4cc0f4c7dd451e2c0ef5",
        "is_verified": false,
        "line_number": 705,
        "is_secret": false
      },
      {
        "type": "Hex High Entropy String",
        "filename": "fern/assets/trajectory-capabilities/425964eadebb395fea46f594177e2373b4195530934ed44be4ead0d755892c90.json",
        "hashed_secret": "f3e4abdd57fcd85d4de142b65408b1d503e562b8",
        "is_verified": false,
        "line_number": 706,
        "is_secret": false
      },
      {
        "type": "Hex High Entropy String",
        "filename": "fern/assets/trajectory-capabilities/425964eadebb395fea46f594177e2373b4195530934ed44be4ead0d755892c90.json",
        "hashed_secret": "2fdec23cc072dd19188618aaa215767969b6b988",
        "is_verified": false,
        "line_number": 708,
        "is_secret": false
      },
      {
        "type": "Hex High Entropy String",
        "filename": "fern/assets/trajectory-capabilities/425964eadebb395fea46f594177e2373b4195530934ed44be4ead0d755892c90.json",
        "hashed_secret": "5e2a7883a4bb2217cd772e921999bbbd5a80f36c",
        "is_verified": false,
        "line_number": 761,
        "is_secret": false
      },
      {
        "type": "Hex High Entropy String",
        "filename": "fern/assets/trajectory-capabilities/425964eadebb395fea46f594177e2373b4195530934ed44be4ead0d755892c90.json",
        "hashed_secret": "593b4d1df3a3a5409ff7283786d33d1e76d75028",
        "is_verified": false,
        "line_number": 762,
        "is_secret": false
      },
      {
        "type": "Hex High Entropy String",
        "filename": "fern/assets/trajectory-capabilities/425964eadebb395fea46f594177e2373b4195530934ed44be4ead0d755892c90.json",
        "hashed_secret": "674349a3de8b719d1e8478cf971bfac50904af92",
        "is_verified": false,
        "line_number": 764,
        "is_secret": false
      },
      {
        "type": "Hex High Entropy String",
        "filename": "fern/assets/trajectory-capabilities/425964eadebb395fea46f594177e2373b4195530934ed44be4ead0d755892c90.json",
        "hashed_secret": "6d6351559d6af824546685b26bc8ac0a0c5fd857",
        "is_verified": false,
        "line_number": 805,
        "is_secret": false
      },
      {
        "type": "Hex High Entropy String",
        "filename": "fern/assets/trajectory-capabilities/425964eadebb395fea46f594177e2373b4195530934ed44be4ead0d755892c90.json",
        "hashed_secret": "a12ef505a6ce10056ab760fb88ddbe47d2114995",
        "is_verified": false,
        "line_number": 806,
        "is_secret": false
      },
      {
        "type": "Hex High Entropy String",
        "filename": "fern/assets/trajectory-capabilities/425964eadebb395fea46f594177e2373b4195530934ed44be4ead0d755892c90.json",
        "hashed_secret": "32e8d313e85aa9b172e761d6da3ca5386dc2b561",
        "is_verified": false,
        "line_number": 808,
        "is_secret": false
      },
      {
        "type": "Hex High Entropy String",
        "filename": "fern/assets/trajectory-capabilities/425964eadebb395fea46f594177e2373b4195530934ed44be4ead0d755892c90.json",
        "hashed_secret": "296c933f363fc5e61115cfb9199173052b9755dc",
        "is_verified": false,
        "line_number": 861,
        "is_secret": false
      },
      {
        "type": "Hex High Entropy String",
        "filename": "fern/assets/trajectory-capabilities/425964eadebb395fea46f594177e2373b4195530934ed44be4ead0d755892c90.json",
        "hashed_secret": "5d41287f557d92bde5a961e4e7c091dfe8c091f1",
        "is_verified": false,
        "line_number": 862,
        "is_secret": false
      },
      {
        "type": "Hex High Entropy String",
        "filename": "fern/assets/trajectory-capabilities/425964eadebb395fea46f594177e2373b4195530934ed44be4ead0d755892c90.json",
        "hashed_secret": "65f46c5c4c7088c3b6b79ab108f84ee42fc83999",
        "is_verified": false,
        "line_number": 864,
        "is_secret": false
      },
      {
        "type": "Hex High Entropy String",
        "filename": "fern/assets/trajectory-capabilities/425964eadebb395fea46f594177e2373b4195530934ed44be4ead0d755892c90.json",
        "hashed_secret": "c8ecf122ac555918729b7a52bf6c66333e6c44b2",
        "is_verified": false,
        "line_number": 969,
        "is_secret": false
      },
      {
        "type": "Hex High Entropy String",
        "filename": "fern/assets/trajectory-capabilities/425964eadebb395fea46f594177e2373b4195530934ed44be4ead0d755892c90.json",
        "hashed_secret": "6ca21b5942a92a2838f614779cb96504d5aad9cd",
        "is_verified": false,
        "line_number": 970,
        "is_secret": false
      },
      {
        "type": "Hex High Entropy String",
        "filename": "fern/assets/trajectory-capabilities/425964eadebb395fea46f594177e2373b4195530934ed44be4ead0d755892c90.json",
        "hashed_secret": "37208687726b571c2149553d5de23a45fb29ec59",
        "is_verified": false,
        "line_number": 971,
        "is_secret": false
      },
      {
        "type": "Hex High Entropy String",
        "filename": "fern/assets/trajectory-capabilities/425964eadebb395fea46f594177e2373b4195530934ed44be4ead0d755892c90.json",
        "hashed_secret": "004f8491c40f2008369ae837dea7eb5661099370",
        "is_verified": false,
        "line_number": 972,
        "is_secret": false
      },
      {
        "type": "Hex High Entropy String",
        "filename": "fern/assets/trajectory-capabilities/425964eadebb395fea46f594177e2373b4195530934ed44be4ead0d755892c90.json",
        "hashed_secret": "211b23a4e45850f68f3868703270e240d6294c52",
        "is_verified": false,
        "line_number": 1025,
        "is_secret": false
      },
      {
        "type": "Hex High Entropy String",
        "filename": "fern/assets/trajectory-capabilities/425964eadebb395fea46f594177e2373b4195530934ed44be4ead0d755892c90.json",
        "hashed_secret": "216f883fcf94c234e61b67e8242b02c9c86808a6",
        "is_verified": false,
        "line_number": 1026,
        "is_secret": false
      },
      {
        "type": "Hex High Entropy String",
        "filename": "fern/assets/trajectory-capabilities/425964eadebb395fea46f594177e2373b4195530934ed44be4ead0d755892c90.json",
        "hashed_secret": "86943eb170d1fa211494a4abd0b9663354dafca3",
        "is_verified": false,
        "line_number": 1028,
        "is_secret": false
      },
      {
        "type": "Hex High Entropy String",
        "filename": "fern/assets/trajectory-capabilities/425964eadebb395fea46f594177e2373b4195530934ed44be4ead0d755892c90.json",
        "hashed_secret": "351d3123664839e3ef8224f74d77bef7102b092a",
        "is_verified": false,
        "line_number": 1081,
        "is_secret": false
      },
      {
        "type": "Hex High Entropy String",
        "filename": "fern/assets/trajectory-capabilities/425964eadebb395fea46f594177e2373b4195530934ed44be4ead0d755892c90.json",
        "hashed_secret": "c6f04c39f5acb9aef0b102951908ac20f1a1f389",
        "is_verified": false,
        "line_number": 1082,
        "is_secret": false
      },
      {
        "type": "Hex High Entropy String",
        "filename": "fern/assets/trajectory-capabilities/425964eadebb395fea46f594177e2373b4195530934ed44be4ead0d755892c90.json",
        "hashed_secret": "6e29ba3c1b26492a5aa4e2a8fa155a0bd12fbfc7",
        "is_verified": false,
        "line_number": 1084,
        "is_secret": false
      },
      {
        "type": "Hex High Entropy String",
        "filename": "fern/assets/trajectory-capabilities/425964eadebb395fea46f594177e2373b4195530934ed44be4ead0d755892c90.json",
        "hashed_secret": "5760041d10d02749a4a327d7382a792b84deea1b",
        "is_verified": false,
        "line_number": 1137,
        "is_secret": false
      },
      {
        "type": "Hex High Entropy String",
        "filename": "fern/assets/trajectory-capabilities/425964eadebb395fea46f594177e2373b4195530934ed44be4ead0d755892c90.json",
        "hashed_secret": "626768bf5d33249d7ea857695c27f74c07ac4532",
        "is_verified": false,
        "line_number": 1138,
        "is_secret": false
      },
      {
        "type": "Hex High Entropy String",
        "filename": "fern/assets/trajectory-capabilities/425964eadebb395fea46f594177e2373b4195530934ed44be4ead0d755892c90.json",
        "hashed_secret": "e9cdca7c9a7d7d3d6fdab02874d6dac6f5e6025e",
        "is_verified": false,
        "line_number": 1140,
        "is_secret": false
      },
      {
        "type": "Hex High Entropy String",
        "filename": "fern/assets/trajectory-capabilities/425964eadebb395fea46f594177e2373b4195530934ed44be4ead0d755892c90.json",
        "hashed_secret": "68eeab2978c2ac2e2edc42501638454730a83286",
        "is_verified": false,
        "line_number": 1193,
        "is_secret": false
      },
      {
        "type": "Hex High Entropy String",
        "filename": "fern/assets/trajectory-capabilities/425964eadebb395fea46f594177e2373b4195530934ed44be4ead0d755892c90.json",
        "hashed_secret": "5c54aee83eb02add7b3bc9f85aa7a691fd157c6a",
        "is_verified": false,
        "line_number": 1194,
        "is_secret": false
      },
      {
        "type": "Hex High Entropy String",
        "filename": "fern/assets/trajectory-capabilities/425964eadebb395fea46f594177e2373b4195530934ed44be4ead0d755892c90.json",
        "hashed_secret": "445b534875851acb90b66f8337b6885fac578ecd",
        "is_verified": false,
        "line_number": 1196,
        "is_secret": false
      },
      {
        "type": "Hex High Entropy String",
        "filename": "fern/assets/trajectory-capabilities/425964eadebb395fea46f594177e2373b4195530934ed44be4ead0d755892c90.json",
        "hashed_secret": "df1615fa449e1fd9dfe7e7434f88044c997a6e8f",
        "is_verified": false,
        "line_number": 1237,
        "is_secret": false
      },
      {
        "type": "Hex High Entropy String",
        "filename": "fern/assets/trajectory-capabilities/425964eadebb395fea46f594177e2373b4195530934ed44be4ead0d755892c90.json",
        "hashed_secret": "0705eb7f7b53aeccb8a7474091709aaf6463f23f",
        "is_verified": false,
        "line_number": 1238,
        "is_secret": false
      },
      {
        "type": "Hex High Entropy String",
        "filename": "fern/assets/trajectory-capabilities/425964eadebb395fea46f594177e2373b4195530934ed44be4ead0d755892c90.json",
        "hashed_secret": "6faa24f376aaf6bf2c2d71e6948e053a31055375",
        "is_verified": false,
        "line_number": 1240,
        "is_secret": false
      },
      {
        "type": "Hex High Entropy String",
        "filename": "fern/assets/trajectory-capabilities/425964eadebb395fea46f594177e2373b4195530934ed44be4ead0d755892c90.json",
        "hashed_secret": "769dd8c389d513f543a6196e0e833aa83510cd7a",
        "is_verified": false,
        "line_number": 1293,
        "is_secret": false
      },
      {
        "type": "Hex High Entropy String",
        "filename": "fern/assets/trajectory-capabilities/425964eadebb395fea46f594177e2373b4195530934ed44be4ead0d755892c90.json",
        "hashed_secret": "ec9d54a4797f0438308d5fee6d0ea3ad1c74cd63",
        "is_verified": false,
        "line_number": 1294,
        "is_secret": false
      },
      {
        "type": "Hex High Entropy String",
        "filename": "fern/assets/trajectory-capabilities/425964eadebb395fea46f594177e2373b4195530934ed44be4ead0d755892c90.json",
        "hashed_secret": "934052a15828db972bfd72104551880e0347a0c8",
        "is_verified": false,
        "line_number": 1296,
        "is_secret": false
      },
      {
        "type": "Hex High Entropy String",
        "filename": "fern/assets/trajectory-capabilities/425964eadebb395fea46f594177e2373b4195530934ed44be4ead0d755892c90.json",
        "hashed_secret": "ce6fb95074cd7d5d7a8151240708296058ab1091",
        "is_verified": false,
        "line_number": 1314,
        "is_secret": false
      },
      {
        "type": "Hex High Entropy String",
        "filename": "fern/assets/trajectory-capabilities/425964eadebb395fea46f594177e2373b4195530934ed44be4ead0d755892c90.json",
        "hashed_secret": "9cbb7ef9d80590010b42b56f4394eaea58561913",
        "is_verified": false,
        "line_number": 1318,
        "is_secret": false
      },
      {
        "type": "Hex High Entropy String",
        "filename": "fern/assets/trajectory-capabilities/425964eadebb395fea46f594177e2373b4195530934ed44be4ead0d755892c90.json",
        "hashed_secret": "399328bef989ae8b4a1fbcc76fada37d8afc548c",
        "is_verified": false,
        "line_number": 1322,
        "is_secret": false
      },
      {
        "type": "Hex High Entropy String",
        "filename": "fern/assets/trajectory-capabilities/425964eadebb395fea46f594177e2373b4195530934ed44be4ead0d755892c90.json",
        "hashed_secret": "3974be5dbb87af7b90fd519c5b30484ddc3258da",
        "is_verified": false,
        "line_number": 1328,
        "is_secret": false
      },
      {
        "type": "Hex High Entropy String",
        "filename": "fern/assets/trajectory-capabilities/425964eadebb395fea46f594177e2373b4195530934ed44be4ead0d755892c90.json",
        "hashed_secret": "13cdd22033cb4f18d0500a540115904285978484",
        "is_verified": false,
        "line_number": 1329,
        "is_secret": false
      },
      {
        "type": "Hex High Entropy String",
        "filename": "fern/assets/trajectory-capabilities/425964eadebb395fea46f594177e2373b4195530934ed44be4ead0d755892c90.json",
        "hashed_secret": "996d1bc7c21e545a82792b9ebf8e0234bab4ffe6",
        "is_verified": false,
        "line_number": 1332,
        "is_secret": false
      },
      {
        "type": "Hex High Entropy String",
        "filename": "fern/assets/trajectory-capabilities/425964eadebb395fea46f594177e2373b4195530934ed44be4ead0d755892c90.json",
        "hashed_secret": "08ee66eb4c0590cdf138e3ffab32d8b3d9c2d9a6",
        "is_verified": false,
        "line_number": 1333,
        "is_secret": false
      },
      {
        "type": "Hex High Entropy String",
        "filename": "fern/assets/trajectory-capabilities/425964eadebb395fea46f594177e2373b4195530934ed44be4ead0d755892c90.json",
        "hashed_secret": "667eaabba116bf7fbe4ace7db69414f8d614279c",
        "is_verified": false,
        "line_number": 1339,
        "is_secret": false
      },
      {
        "type": "Hex High Entropy String",
        "filename": "fern/assets/trajectory-capabilities/425964eadebb395fea46f594177e2373b4195530934ed44be4ead0d755892c90.json",
        "hashed_secret": "c84a1af16aa2a91ddcbf01122d77e8a63efa9308",
        "is_verified": false,
        "line_number": 1340,
        "is_secret": false
      },
      {
        "type": "Hex High Entropy String",
        "filename": "fern/assets/trajectory-capabilities/425964eadebb395fea46f594177e2373b4195530934ed44be4ead0d755892c90.json",
        "hashed_secret": "e2af7c806fb1c5384f38efb98e93bb690c3cbd7e",
        "is_verified": false,
        "line_number": 1346,
        "is_secret": false
      },
      {
        "type": "Hex High Entropy String",
        "filename": "fern/assets/trajectory-capabilities/425964eadebb395fea46f594177e2373b4195530934ed44be4ead0d755892c90.json",
        "hashed_secret": "2c9789dab4471ef0e0d89c7ad2de03c32a3725c9",
        "is_verified": false,
        "line_number": 1347,
        "is_secret": false
      },
      {
        "type": "Hex High Entropy String",
        "filename": "fern/assets/trajectory-capabilities/425964eadebb395fea46f594177e2373b4195530934ed44be4ead0d755892c90.json",
        "hashed_secret": "a1ca3b10d0670a8eed9c03377d6460eae6a1b2b8",
        "is_verified": false,
        "line_number": 1353,
        "is_secret": false
      },
      {
        "type": "Hex High Entropy String",
        "filename": "fern/assets/trajectory-capabilities/425964eadebb395fea46f594177e2373b4195530934ed44be4ead0d755892c90.json",
        "hashed_secret": "0261484f7138da58154920f9d11ab730d0ffa6e3",
        "is_verified": false,
        "line_number": 1354,
        "is_secret": false
      },
      {
        "type": "Hex High Entropy String",
        "filename": "fern/assets/trajectory-capabilities/425964eadebb395fea46f594177e2373b4195530934ed44be4ead0d755892c90.json",
        "hashed_secret": "890dc85617adc58539b34056a19c33e4fe2586a1",
        "is_verified": false,
        "line_number": 1360,
        "is_secret": false
      },
      {
        "type": "Hex High Entropy String",
        "filename": "fern/assets/trajectory-capabilities/425964eadebb395fea46f594177e2373b4195530934ed44be4ead0d755892c90.json",
        "hashed_secret": "0a1fbb587c36074a1c1b69f2766eef562a30653b",
        "is_verified": false,
        "line_number": 1361,
        "is_secret": false
      }
    ],
    "nemo_gym/token_id_capture/staging/conformance/golden_vectors.json": [
      {
        "type": "Hex High Entropy String",
        "filename": "nemo_gym/token_id_capture/staging/conformance/golden_vectors.json",
        "hashed_secret": "f7ba24f94926a8d4ddbf7eb5654d19fbbdce69ce",
        "is_verified": false,
        "line_number": 8
      },
      {
        "type": "Hex High Entropy String",
        "filename": "nemo_gym/token_id_capture/staging/conformance/golden_vectors.json",
        "hashed_secret": "7858159189faf7ae60c6d54bb5e8030934fe539f",
        "is_verified": false,
        "line_number": 28
      }
    ],
    "resources_servers/abstention/data/example.jsonl": [
      {
        "type": "Hex High Entropy String",
        "filename": "resources_servers/abstention/data/example.jsonl",
        "hashed_secret": "518c779a655232392f88b9f51cac336e8727fedf",
        "is_verified": false,
        "line_number": 3
      }
    ],
    "resources_servers/terminal_bench_4/task.py": [
      {
        "type": "Base64 High Entropy String",
        "filename": "resources_servers/terminal_bench_4/task.py",
        "hashed_secret": "6efaabfdf7a85c40feb7bcd2b149e965fe345fbb",
        "is_verified": false,
        "line_number": 283,
        "is_secret": false
      }
    ]
  },
  "generated_at": "2026-08-24T20:28:09Z"
}
