{
  "version": "1.5.0",
  "plugins_used": [
    {
      "name": "ArtifactoryDetector"
    },
    {
      "name": "AWSKeyDetector"
    },
    {
      "name": "AzureStorageKeyDetector"
    },
    {
      "name": "Base64HighEntropyString",
      "limit": 4.5
    },
    {
      "name": "BasicAuthDetector"
    },
    {
      "name": "CloudantDetector"
    },
    {
      "name": "DiscordBotTokenDetector"
    },
    {
      "name": "GitHubTokenDetector"
    },
    {
      "name": "GitLabTokenDetector"
    },
    {
      "name": "HexHighEntropyString",
      "limit": 3.0
    },
    {
      "name": "IbmCloudIamDetector"
    },
    {
      "name": "IbmCosHmacDetector"
    },
    {
      "name": "IPPublicDetector"
    },
    {
      "name": "JwtTokenDetector"
    },
    {
      "name": "MailchimpDetector"
    },
    {
      "name": "NpmDetector"
    },
    {
      "name": "OpenAIDetector"
    },
    {
      "name": "PrivateKeyDetector"
    },
    {
      "name": "PypiTokenDetector"
    },
    {
      "name": "SendGridDetector"
    },
    {
      "name": "SlackDetector"
    },
    {
      "name": "SoftlayerDetector"
    },
    {
      "name": "SquareOAuthDetector"
    },
    {
      "name": "StripeDetector"
    },
    {
      "name": "TelegramBotTokenDetector"
    },
    {
      "name": "TwilioKeyDetector"
    }
  ],
  "filters_used": [
    {
      "path": "detect_secrets.filters.allowlist.is_line_allowlisted"
    },
    {
      "path": "detect_secrets.filters.common.is_ignored_due_to_verification_policies",
      "min_level": 2
    },
    {
      "path": "detect_secrets.filters.heuristic.is_indirect_reference"
    },
    {
      "path": "detect_secrets.filters.heuristic.is_likely_id_string"
    },
    {
      "path": "detect_secrets.filters.heuristic.is_lock_file"
    },
    {
      "path": "detect_secrets.filters.heuristic.is_not_alphanumeric_string"
    },
    {
      "path": "detect_secrets.filters.heuristic.is_potential_uuid"
    },
    {
      "path": "detect_secrets.filters.heuristic.is_prefixed_with_dollar_sign"
    },
    {
      "path": "detect_secrets.filters.heuristic.is_sequential_string"
    },
    {
      "path": "detect_secrets.filters.heuristic.is_swagger_file"
    },
    {
      "path": "detect_secrets.filters.heuristic.is_templated_secret"
    },
    {
      "path": "detect_secrets.filters.regex.should_exclude_file",
      "pattern": [
        "pyproject\\.toml|\\.github/workflows/config/\\.secrets\\.baseline|\\.oms\\.sig$"
      ]
    }
  ],
  "results": {
    "benchmarks/terminal_bench_4/manifest.json": [
      {
        "type": "Hex High Entropy String",
        "filename": "benchmarks/terminal_bench_4/manifest.json",
        "hashed_secret": "841e21c989b9a62a4c8b03826dea1278c5c2f808",
        "is_verified": false,
        "line_number": 4,
        "is_secret": false
      }
    ],
    "nemo_gym/token_id_capture/staging/conformance/golden_vectors.json": [
      {
        "type": "Hex High Entropy String",
        "filename": "nemo_gym/token_id_capture/staging/conformance/golden_vectors.json",
        "hashed_secret": "f7ba24f94926a8d4ddbf7eb5654d19fbbdce69ce",
        "is_verified": false,
        "line_number": 8
      },
      {
        "type": "Hex High Entropy String",
        "filename": "nemo_gym/token_id_capture/staging/conformance/golden_vectors.json",
        "hashed_secret": "7858159189faf7ae60c6d54bb5e8030934fe539f",
        "is_verified": false,
        "line_number": 28
      }
    ],
    "resources_servers/terminal_bench_4/task.py": [
      {
        "type": "Base64 High Entropy String",
        "filename": "resources_servers/terminal_bench_4/task.py",
        "hashed_secret": "6efaabfdf7a85c40feb7bcd2b149e965fe345fbb",
        "is_verified": false,
        "line_number": 283,
        "is_secret": false
      }
    ]
  },
  "generated_at": "2026-08-24T20:28:09Z"
}
